[www.goodsalonguide.com/salons/kay-and-kompany.html]
[backblue.gif]
[fade.gif]
[index.html]
[www.goodsalonguide.com/sites/default/files/css/css_x37rEUPa-LwJHmHqI1JsUq0KuEbQzpsInYEWBA4i2gU87e7.css]
[www.goodsalonguide.com/sites/default/files/css/css_sNjbMdw90vc4HmSzh22MaYBhr_IV8mt_HN_ni158dP0c76b.css]
[unpkg.com/@lottiefiles/lottie-player@2.0.4/dist/lottie-player.js]
[www.goodsalonguide.com/salons/transparent]
[www.goodsalonguide.com/sites/default/files/styles/teaser/public/the_gallager_hob_body472d.jpg]
[www.goodsalonguide.com/sites/default/files/styles/teaser/public/tool_finder_body1a7bc.jpg]
[www.goodsalonguide.com/sites/default/files/styles/teaser/public/ghd_chronos_body2_0095b.jpg]
[www.goodsalonguide.com/sites/default/files/styles/teaser/public/xcellaris_body_168cb.jpg]
[www.goodsalonguide.com/sites/default/files/styles/teaser/public/phenix_body2f697.jpg]
[www.goodsalonguide.com/sites/default/files/styles/teaser/public/everything_haircut6dce.jpg]
[www.goodsalonguide.com/sites/default/files/styles/large_square/public/profile_images/kay_and_kompany_sp6116b.jpg]
[www.goodsalonguide.com/sites/default/files/styles/large_square/public/gallery/kay_and_kompany_sp28d31.jpg]
[www.goodsalonguide.com/sites/default/files/styles/large_square/public/gallery/kay_and_kompany_sp1bd9e.jpg]
[www.goodsalonguide.com/sites/default/files/styles/large_square/public/gallery/kay_and_kompany_sp30ba6.jpg]
[www.goodsalonguide.com/sites/default/files/styles/large_square/public/gallery/kay_and_kompany_sp47cba.jpg]
[www.goodsalonguide.com/sites/default/files/styles/large_square/public/gallery/kay_and_kompany_sp581b7.jpg]
[www.goodsalonguide.com/sites/default/files/2023-02/cloud_nine_logo.jpg]
[www.goodsalonguide.com/sites/default/files/2023-02/dermalogica_logo.jpg]
[www.goodsalonguide.com/sites/default/files/2023-02/ghd_logo.jpg]
[www.goodsalonguide.com/sites/default/files/2023-02/goldwell_logo.jpg]
[www.goodsalonguide.com/sites/default/files/2023-02/great_lengths_logo.jpg]
[www.goodsalonguide.com/sites/default/files/2023-02/kerastraight_logo.jpg]
[www.goodsalonguide.com/sites/default/files/2023-02/moroccanoil_logo.jpg]
[www.goodsalonguide.com/sites/default/files/2023-02/olaplex_logo.jpg]
[www.goodsalonguide.com/sites/default/files/2023-02/organic_colour_systems_logo.jpg]
[www.goodsalonguide.com/sites/default/files/2023-02/paul_mitchell_logo.jpg]
[www.goodsalonguide.com/sites/default/files/2023-02/pureology_logo.jpg]
[www.goodsalonguide.com/sites/default/files/2023-02/redken_logo.jpg]
[www.goodsalonguide.com/sites/default/files/2023-03/yuko_logo.jpg]
[www.goodsalonguide.com/cdn-cgi/scripts/5c5dd728/cloudflare-static/email-decode.min.js]
[www.goodsalonguide.com/core/assets/vendor/jquery/jquery.mind734.js]
[www.goodsalonguide.com/core/assets/vendor/once/once.minf700.js]
[www.goodsalonguide.com/core/misc/drupalSettingsLoader8fc7.js]
[www.goodsalonguide.com/core/misc/drupal8fc7.js]
[www.goodsalonguide.com/core/misc/drupal.init8fc7.js]
[www.goodsalonguide.com/core/assets/vendor/tabbable/index.umd.min0559.js]
[www.goodsalonguide.com/modules/contrib/browserclass/js/browserclass.minb859.js]
[www.goodsalonguide.com/modules/contrib/ckeditor_accordion/js/accordion.frontend.minb859.js]
[www.goodsalonguide.com/modules/custom/custom_search/assets/js/custom-search5438.js]
[www.goodsalonguide.com/themes/custom/gsg/assets/js/vendors/owl.carousel5756.js]
[www.goodsalonguide.com/themes/custom/gsg/assets/js/vendors/splide.min5756.js]
[www.goodsalonguide.com/themes/custom/gsg/assets/js/vendors/jquery.matchHeight5756.js]
[www.goodsalonguide.com/themes/custom/gsg/assets/js/vendors/chosen.jquery5756.js]
[www.goodsalonguide.com/themes/custom/gsg/assets/js/vendors/snap.svg-min5756.js]
[www.goodsalonguide.com/themes/custom/gsg/assets/js/custom5756.js]
[www.goodsalonguide.com/modules/contrib/lazy/js/lazy8fc7.js]
[www.goodsalonguide.com/core/misc/jquery.forme0a5.js]
[www.goodsalonguide.com/core/misc/progress8fc7.js]
[www.goodsalonguide.com/core/assets/vendor/loadjs/loadjs.mine0a5.js]
[www.goodsalonguide.com/core/misc/debounce8fc7.js]
[www.goodsalonguide.com/core/misc/announce8fc7.js]
[www.goodsalonguide.com/core/misc/message8fc7.js]
[www.goodsalonguide.com/core/misc/ajax8fc7.js]
[www.goodsalonguide.com/themes/contrib/stable/js/ajax8fc7.js]
[www.goodsalonguide.com/core/modules/views/js/base8fc7.js]
[www.goodsalonguide.com/salons/kay-and-kompany.html]
[www.goodsalonguide.com/core/modules/views/js/ajax_view8fc7.js]
[www.goodsalonguide.com/themes/contrib/stable/images/core/throbber-active.gif]
[www.goodsalonguide.com/themes/contrib/stable/images/core/loading-small.gif]
[www.goodsalonguide.com/sites/default/files/css/css_x37rEUPa-LwJHmHqI1JsUq0KuEbQzpsInYEWBA4i2gU87e7.css]
[www.goodsalonguide.com/themes/custom/gsg/assets/css/owl.video.play.png]
[www.goodsalonguide.com/themes/custom/gsg/assets/img/icons/chart.png]
[www.goodsalonguide.com/themes/custom/gsg/assets/img/icons/hand.png]
[www.goodsalonguide.com/themes/custom/gsg/assets/img/icons/hand-point.png]
[www.goodsalonguide.com/themes/custom/gsg/assets/img/icons/files.png]
[www.goodsalonguide.com/themes/custom/gsg/assets/img/icons/job.png]
[www.goodsalonguide.com/themes/custom/gsg/assets/img/icons/stars.png]
[www.goodsalonguide.com/themes/custom/gsg/assets/img/icons/users.png]
[www.goodsalonguide.com/themes/custom/gsg/assets/img/icons/black/aesthetics.png]
[www.goodsalonguide.com/themes/custom/gsg/assets/img/icons/black/barbers.png]
[www.goodsalonguide.com/themes/custom/gsg/assets/img/icons/black/beauty.png]
[www.goodsalonguide.com/themes/custom/gsg/assets/img/icons/black/beauty-home.png]
[www.goodsalonguide.com/themes/custom/gsg/assets/img/icons/black/black-hair.png]
[www.goodsalonguide.com/themes/custom/gsg/assets/img/icons/black/blow-dry-bar.png]
[www.goodsalonguide.com/themes/custom/gsg/assets/img/icons/black/colour-expert.png]
[www.goodsalonguide.com/themes/custom/gsg/assets/img/icons/black/covid-aware.png]
[www.goodsalonguide.com/themes/custom/gsg/assets/img/icons/black/nail-spa.png]
[www.goodsalonguide.com/themes/custom/gsg/assets/img/icons/black/cosmetic-clinic.png]
[www.goodsalonguide.com/themes/custom/gsg/assets/img/icons/black/cosmetic-dentistry.png]
[www.goodsalonguide.com/themes/custom/gsg/assets/img/icons/black/creative-excellence.png]
[www.goodsalonguide.com/themes/custom/gsg/assets/img/icons/black/eco.png]
[www.goodsalonguide.com/themes/custom/gsg/assets/img/icons/black/extension-artist.png]
[www.goodsalonguide.com/themes/custom/gsg/assets/img/icons/black/freelance.png]
[www.goodsalonguide.com/themes/custom/gsg/assets/img/icons/black/salon.png]
[www.goodsalonguide.com/themes/custom/gsg/assets/img/icons/black/training.png]
[www.goodsalonguide.com/themes/custom/gsg/assets/img/icons/black/trichology.png]
[www.goodsalonguide.com/themes/custom/gsg/assets/img/icons/aesthetics.png]
[www.goodsalonguide.com/themes/custom/gsg/assets/img/icons/barbers.png]
[www.goodsalonguide.com/themes/custom/gsg/assets/img/icons/beauty.png]
[www.goodsalonguide.com/themes/custom/gsg/assets/img/icons/beauty-home.png]
[www.goodsalonguide.com/themes/custom/gsg/assets/img/icons/black-hair.png]
[www.goodsalonguide.com/themes/custom/gsg/assets/img/icons/blow-dry-bar.png]
[www.goodsalonguide.com/themes/custom/gsg/assets/img/icons/colour-expert.png]
[www.goodsalonguide.com/themes/custom/gsg/assets/img/icons/covid-aware.png]
[www.goodsalonguide.com/themes/custom/gsg/assets/img/icons/cosmetic-clinic.png]
[www.goodsalonguide.com/themes/custom/gsg/assets/img/icons/cosmetic-dentistry.png]
[www.goodsalonguide.com/themes/custom/gsg/assets/img/icons/creative-excellence.png]
[www.goodsalonguide.com/themes/custom/gsg/assets/img/icons/nail-spa.png]
[www.goodsalonguide.com/themes/custom/gsg/assets/img/icons/eco.png]
[www.goodsalonguide.com/themes/custom/gsg/assets/img/icons/extension-artist.png]
[www.goodsalonguide.com/themes/custom/gsg/assets/img/icons/freelance.png]
[www.goodsalonguide.com/themes/custom/gsg/assets/img/icons/salon.png]
[www.goodsalonguide.com/themes/custom/gsg/assets/img/icons/training.png]
[www.goodsalonguide.com/themes/custom/gsg/assets/img/icons/trichology.png]
[www.goodsalonguide.com/themes/custom/gsg/assets/img/404-bg.png]
[www.goodsalonguide.com/themes/contrib/classy/images/misc/menu-expanded.png]
[www.goodsalonguide.com/themes/contrib/classy/images/misc/help.png]
[www.goodsalonguide.com/themes/contrib/classy/images/misc/menu-collapsed.png]
[www.goodsalonguide.com/themes/contrib/classy/images/misc/menu-collapsed-rtl.png]
[www.goodsalonguide.com/sites/default/files/css/css_sNjbMdw90vc4HmSzh22MaYBhr_IV8mt_HN_ni158dP0c76b.css]
[www.googletagmanager.com/gtm5445.html]
[www.goodsalonguide.com/salons/transparent.html]
[www.goodsalonguide.com/themes/custom/gsg/assets/css/owl.video.play.html]
